Microchip MPLAB XC8 Compiler V1.45 ()

Linker command line:

-W-3 --edf=C:\Program Files (x86)\Microchip\xc8\v1.45\dat\en_msgs.txt -cs \
  -h+dist/default/production\SPi_tester.X.production.sym \
  --cmf=dist/default/production\SPi_tester.X.production.cmf -z -Q18F25K50 \
  -oC:\Users\cbrennem\AppData\Local\Temp\s5b8.2 \
  -Mdist/default/production/SPi_tester.X.production.map -E1 -ver=XC8 \
  -ASTACK=0A0h-07ffh -pstack=STACK -ACODE=00h-07FFFh -ACONST=00h-07FFFh \
  -ASMALLCONST=0800h-08FFhx120 -AMEDIUMCONST=0800h-07FFFh -ACOMRAM=01h-05Fh \
  -AABS1=00h-07FFh -ABIGRAM=01h-07FFh -ARAM=060h-0FFh,0100h-01FFhx7 \
  -ABANK0=060h-0FFh -ABANK1=0100h-01FFh -ABANK2=0200h-02FFh \
  -ABANK3=0300h-03FFh -ABANK4=0400h-04FFh -ABANK5=0500h-05FFh \
  -ABANK6=0600h-06FFh -ABANK7=0700h-07FFh -ASFR=0F53h-0F5Fh,0F60h-0FFFh \
  -preset_vec=00h,intcode=08h,intcodelo,powerup,init -pramtop=0800h \
  -psmallconst=SMALLCONST -pmediumconst=MEDIUMCONST -pconst=CONST \
  -AFARRAM=00h-00h -ACONFIG=0300000h-030000Dh -pconfig=CONFIG \
  -AIDLOC=0200000h-0200007h -pidloc=IDLOC -AEEDATA=0F00000h-0F000FFh \
  -peeprom_data=EEDATA \
  -prdata=COMRAM,nvrram=COMRAM,nvbit=COMRAM,rbss=COMRAM,rbit=COMRAM \
  -pfarbss=FARRAM,fardata=FARRAM,nvFARRAM=FARRAM \
  -pintsave_regs=BIGRAM,bigbss=BIGRAM,bigdata=BIGRAM -pbss=RAM \
  -pidata=CODE,irdata=CODE,ibigdata=CODE,ifardata=CODE -prparam=COMRAM \
  C:\Users\cbrennem\AppData\Local\Temp\s5b8.obj \
  dist/default/production\SPi_tester.X.production.obj 

Object code version is 3.11

Machine type is 18F25K50

Call graph: (short form)




                Name                               Link     Load   Length Selector   Space Scale
C:\Users\cbrennem\AppData\Local\Temp\s5b8.obj
                init                                 EE       EE        4        4       0
                reset_vec                             0        0        4        0       0
                idloc                            200000   200000        8   200000       0
                config                           300000   300000        E   300000       0
dist/default/production\SPi_tester.X.production.obj
                intcode                               8        8       E6        4       0
                temp                                 4A       4A        1        1       1
                mediumconst                        7E2C     7E2C      1D4     3F16       0
                text24                              6B4      6B4       2C        4       0
                text23                              65A      65A       2E        4       0
                text22                              7D6      7D6        4        4       0
                text21                              752      752       18        4       0
                text20                              7C6      7C6        8        4       0
                text19                               F2       F2      21E        4       0
                text17                              5F4      5F4       34        4       0
                text16                              7D2      7D2        4        4       0
                text15                              796      796       12        4       0
                text14                              5BA      5BA       3A        4       0
                text13                              7BC      7BC        A        4       0
                text12                              6E0      6E0       2A        4       0
                text11                              730      730       22        4       0
                text10                              4B2      4B2       BC        4       0
                text9                               3E6      3E6       CC        4       0
                text8                               7B2      7B2        A        4       0
                text7                               7A8      7A8        A        4       0
                text6                               56E      56E       4C        4       0
                text5                               628      628       32        4       0
                text4                               7CE      7CE        4        4       0
                text3                               780      780       16        4       0
                text2                               688      688       2C        4       0
                text1                               76A      76A       16        4       0
                text0                               310      310       D6        4       0
                cstackCOMRAM                         2D       2D       1D        1       1
                bssBANK0                             60       60       40       60       1
                bssCOMRAM                             1        1       2C        1       1
                cinit                               70A      70A       26        4       0

TOTAL           Name                               Link     Load   Length     Space
        CLASS   STACK          

        CLASS   CODE           
                intcode                               8        8       E6         0
                init                                 EE       EE        4         0
                reset_vec                             0        0        4         0
                text24                              6B4      6B4       2C         0
                text23                              65A      65A       2E         0
                text22                              7D6      7D6        4         0
                text21                              752      752       18         0
                text20                              7C6      7C6        8         0
                text19                               F2       F2      21E         0
                text17                              5F4      5F4       34         0
                text16                              7D2      7D2        4         0
                text15                              796      796       12         0
                text14                              5BA      5BA       3A         0
                text13                              7BC      7BC        A         0
                text12                              6E0      6E0       2A         0
                text11                              730      730       22         0
                text10                              4B2      4B2       BC         0
                text9                               3E6      3E6       CC         0
                text8                               7B2      7B2        A         0
                text7                               7A8      7A8        A         0
                text6                               56E      56E       4C         0
                text5                               628      628       32         0
                text4                               7CE      7CE        4         0
                text3                               780      780       16         0
                text2                               688      688       2C         0
                text1                               76A      76A       16         0
                text0                               310      310       D6         0
                cinit                               70A      70A       26         0

        CLASS   CONST          

        CLASS   SMALLCONST     

        CLASS   MEDIUMCONST    
                mediumconst                        7E2C     7E2C      1D4         0

        CLASS   COMRAM         
                temp                                 4A       4A        1         1
                cstackCOMRAM                         2D       2D       1D         1
                bssCOMRAM                             1        1       2C         1

        CLASS   ABS1           

        CLASS   BIGRAM         

        CLASS   RAM            

        CLASS   BANK0          
                bssBANK0                             60       60       40         1

        CLASS   BANK1          

        CLASS   BANK2          

        CLASS   BANK3          

        CLASS   BANK4          

        CLASS   BANK5          

        CLASS   BANK6          

        CLASS   BANK7          

        CLASS   SFR            

        CLASS   FARRAM         

        CLASS   CONFIG         
                config                           300000   300000        E         0

        CLASS   IDLOC          
                idloc                            200000   200000        8         0

        CLASS   EEDATA         



SEGMENTS        Name                           Load    Length   Top    Selector   Space  Class

                reset_vec                      000000  000004  000004         0       0  CODE    
                bssCOMRAM                      000001  00004A  00004B         1       1  COMRAM  
                intcode                        000008  0007D2  0007DA         4       0  CODE    
                bssBANK0                       000060  000040  0000A0        60       1  BANK0   
                mediumconst                    007E2C  0001D4  008000      3F16       0  MEDIUMCO
                idloc                          200000  000008  200008    200000       0  IDLOC   
                config                         300000  00000E  30000E    300000       0  CONFIG  


UNUSED ADDRESS RANGES

        Name                Unused          Largest block    Delta
        BANK0            0000A0-0000FF               60
        BANK1            000100-0001FF              100
        BANK2            000200-0002FF              100
        BANK3            000300-0003FF              100
        BANK4            000400-0004FF              100
        BANK5            000500-0005FF              100
        BANK6            000600-0006FF              100
        BANK7            000700-0007FF              100
        BIGRAM           00004B-00005F               15
                         0000A0-0007FF              760
        CODE             000004-000007                4
                         0007DA-007E2B             7652
        COMRAM           00004B-00005F               15
        CONST            000004-000007                4
                         0007DA-007E2B             7652
        EEDATA           F00000-F000FF              100
        MEDIUMCONST      000800-007E2B             762C
        RAM              0000A0-0007FF              100
        SFR              000F53-000FFF                D
        SMALLCONST       000800-007E2B              100
        STACK            0000A0-0007FF              760

                                  Symbol Table

?_printf                                       cstackCOMRAM 000043
EUSART1_Read@readValue                         cstackCOMRAM 000041
EUSART1_SetRxInterruptHandler@interruptHandler cstackCOMRAM 000041
EUSART1_SetTxInterruptHandler@interruptHandler cstackCOMRAM 000041
EUSART1_Write@txData                           cstackCOMRAM 000041
I2C1_ISR@i2c_10bit_address_restart             bssCOMRAM    000018
I2C1_ISR@i2c_address                           bssCOMRAM    00002B
I2C1_ISR@i2c_bytes_left                        bssCOMRAM    000019
I2C1_ISR@pi2c_buf_ptr                          bssCOMRAM    000008
I2C1_MasterRead@trBlock                        bssCOMRAM    00001C
I2C1_MasterWrite@trBlock                       bssCOMRAM    000021
Power_Monitoring@power_selection               cstackCOMRAM 000048
Relay_Control@relay_selection                  cstackCOMRAM 000048
_ACTCON                                        (abs)        000FB5
_ANSELA                                        (abs)        000F5B
_ANSELB                                        (abs)        000F5C
_ANSELC                                        (abs)        000F5D
_BAUDCON1                                      (abs)        000FB8
_EUSART1_Initialize                            text6        00056E
_EUSART1_Read                                  text17       0005F4
_EUSART1_Receive_ISR                           text24       0006B4
_EUSART1_RxDefaultInterruptHandler             bssCOMRAM    00000E
_EUSART1_SetRxInterruptHandler                 text8        0007B2
_EUSART1_SetTxInterruptHandler                 text7        0007A8
_EUSART1_Transmit_ISR                          text23       00065A
_EUSART1_TxDefaultInterruptHandler             bssCOMRAM    000010
_EUSART1_Write                                 text14       0005BA
_EUSART1_is_rx_ready                           text16       0007D2
_Flush_EUSART                                  text15       000796
_I2C1_BusCollisionISR                          text22       0007D6
_I2C1_FunctionComplete                         text21       000752
_I2C1_ISR                                      text19       0000F2
_I2C1_Initialize                               text5        000628
_I2C1_Stop                                     text20       0007C6
_INTCON2bits                                   (abs)        000FF1
_INTCONbits                                    (abs)        000FF2
_INTERRUPT_Initialize                          text4        0007CE
_INTERRUPT_InterruptManager                    intcode      000008
_LATA                                          (abs)        000F89
_LATAbits                                      (abs)        000F89
_LATB                                          (abs)        000F8A
_LATC                                          (abs)        000F8B
_LED_Control                                   text11       000730
_OSCCON                                        (abs)        000FD3
_OSCCON2                                       (abs)        000FD2
_OSCILLATOR_Initialize                         text3        000780
_OSCTUNE                                       (abs)        000F9B
_PIE1bits                                      (abs)        000F9D
_PIE2bits                                      (abs)        000FA0
_PIN_MANAGER_Initialize                        text2        000688
_PIR1bits                                      (abs)        000F9E
_PIR2bits                                      (abs)        000FA1
_PLLRDY                                        (abs)        007E97
_Power_Monitoring                              text10       0004B2
_RCONbits                                      (abs)        000FD0
_RCREG1                                        (abs)        000FAE
_RCSTA1                                        (abs)        000FAB
_RCSTA1bits                                    (abs)        000FAB
_Relay_Control                                 text9        0003E6
_SPBRG1                                        (abs)        000FAF
_SPBRGH1                                       (abs)        000FB0
_SSP1ADD                                       (abs)        000FC8
_SSP1BUF                                       (abs)        000FC9
_SSP1CON1                                      (abs)        000FC6
_SSP1CON1bits                                  (abs)        000FC6
_SSP1CON2bits                                  (abs)        000FC5
_SSP1CON3                                      (abs)        000FCB
_SSP1STAT                                      (abs)        000FC7
_SYSTEM_Initialize                             text1        00076A
_TRISA                                         (abs)        000F92
_TRISB                                         (abs)        000F93
_TRISC                                         (abs)        000F94
_TXREG1                                        (abs)        000FAD
_TXSTA1                                        (abs)        000FAC
_TXSTA1bits                                    (abs)        000FAC
_WPUB                                          (abs)        000F85
__CFG_BOREN$SBORDIS                            (abs)        000000
__CFG_BORV$190                                 (abs)        000000
__CFG_CCP2MX$RC1                               (abs)        000000
__CFG_CFGPLLEN$ON                              (abs)        000000
__CFG_CP0$OFF                                  (abs)        000000
__CFG_CP1$OFF                                  (abs)        000000
__CFG_CP2$OFF                                  (abs)        000000
__CFG_CP3$OFF                                  (abs)        000000
__CFG_CPB$OFF                                  (abs)        000000
__CFG_CPD$OFF                                  (abs)        000000
__CFG_CPUDIV$CLKDIV3                           (abs)        000000
__CFG_DEBUG$OFF                                (abs)        000000
__CFG_EBTR0$OFF                                (abs)        000000
__CFG_EBTR1$OFF                                (abs)        000000
__CFG_EBTR2$OFF                                (abs)        000000
__CFG_EBTR3$OFF                                (abs)        000000
__CFG_EBTRB$OFF                                (abs)        000000
__CFG_FCMEN$OFF                                (abs)        000000
__CFG_FOSC$INTOSCIO                            (abs)        000000
__CFG_ICPRT$OFF                                (abs)        000000
__CFG_IESO$OFF                                 (abs)        000000
__CFG_LS48MHZ$SYS48X8                          (abs)        000000
__CFG_LVP$OFF                                  (abs)        000000
__CFG_MCLRE$ON                                 (abs)        000000
__CFG_PBADEN$ON                                (abs)        000000
__CFG_PCLKEN$ON                                (abs)        000000
__CFG_PLLSEL$PLL3X                             (abs)        000000
__CFG_SDOMX$RB3                                (abs)        000000
__CFG_STVREN$ON                                (abs)        000000
__CFG_T3CMX$RC0                                (abs)        000000
__CFG_WDTEN$OFF                                (abs)        000000
__CFG_WDTPS$32768                              (abs)        000000
__CFG_WRT0$OFF                                 (abs)        000000
__CFG_WRT1$OFF                                 (abs)        000000
__CFG_WRT2$OFF                                 (abs)        000000
__CFG_WRT3$OFF                                 (abs)        000000
__CFG_WRTB$OFF                                 (abs)        000000
__CFG_WRTC$OFF                                 (abs)        000000
__CFG_WRTD$OFF                                 (abs)        000000
__CFG_XINST$OFF                                (abs)        000000
__CFG_nLPBOR$OFF                               (abs)        000000
__CFG_nPWRTEN$OFF                              (abs)        000000
__HRAM                                         (abs)        000000
__Habs1                                        abs1         000000
__Hbank0                                       bank0        000000
__Hbank1                                       bank1        000000
__Hbank2                                       bank2        000000
__Hbank3                                       bank3        000000
__Hbank4                                       bank4        000000
__Hbank5                                       bank5        000000
__Hbank6                                       bank6        000000
__Hbank7                                       bank7        000000
__Hbigbss                                      bigbss       000000
__Hbigdata                                     bigdata      000000
__Hbigram                                      bigram       000000
__Hbss                                         bss          000000
__HbssBANK0                                    bssBANK0     000000
__HbssCOMRAM                                   bssCOMRAM    000000
__Hcinit                                       cinit        000000
__Hclrtext                                     clrtext      000000
__Hcomram                                      comram       000000
__Hconfig                                      config       30000E
__Hconst                                       const        000000
__HcstackCOMRAM                                cstackCOMRAM 000000
__Hdata                                        data         000000
__Heeprom_data                                 eeprom_data  000000
__Hfarbss                                      farbss       000000
__Hfardata                                     fardata      000000
__Hibigdata                                    ibigdata     000000
__Hidata                                       idata        000000
__Hidloc                                       idloc        200008
__Hifardata                                    ifardata     000000
__Hinit                                        init         0000F2
__Hintcode                                     intcode      0000EE
__Hintcode_body                                intcode_body 000000
__Hintcodelo                                   intcodelo    0000EE
__Hintentry                                    intentry     000000
__Hintret                                      intret       000000
__Hintsave_regs                                intsave_regs 000000
__Hirdata                                      irdata       000000
__Hmediumconst                                 mediumconst  008000
__HnvFARRAM                                    nvFARRAM     000000
__Hnvbit                                       nvbit        000000
__Hnvrram                                      nvrram       000000
__Hparam                                       rparam       000000
__Hpowerup                                     powerup      0000EE
__Hram                                         ram          000000
__Hramtop                                      ramtop       000800
__Hrbit                                        rbit         000000
__Hrbss                                        rbss         000000
__Hrdata                                       rdata        000000
__Hreset_vec                                   reset_vec    000004
__Hrparam                                      rparam       000000
__Hsfr                                         sfr          000000
__Hsmallconst                                  smallconst   000000
__Hspace_0                                     (abs)        30000E
__Hspace_1                                     (abs)        0000A0
__Hspace_2                                     (abs)        000000
__Hstack                                       stack        000000
__Hstruct                                      struct       000000
__Htemp                                        temp         00004B
__Htext                                        text         000000
__Htext0                                       text0        000000
__Htext1                                       text1        000000
__Htext10                                      text10       000000
__Htext11                                      text11       000000
__Htext12                                      text12       000000
__Htext13                                      text13       000000
__Htext14                                      text14       000000
__Htext15                                      text15       000000
__Htext16                                      text16       000000
__Htext17                                      text17       000000
__Htext19                                      text19       000000
__Htext2                                       text2        000000
__Htext20                                      text20       000000
__Htext21                                      text21       000000
__Htext22                                      text22       000000
__Htext23                                      text23       000000
__Htext24                                      text24       000000
__Htext25                                      text25       000000
__Htext3                                       text3        000000
__Htext4                                       text4        000000
__Htext5                                       text5        000000
__Htext6                                       text6        000000
__Htext7                                       text7        000000
__Htext8                                       text8        000000
__Htext9                                       text9        000000
__LRAM                                         (abs)        000001
__Labs1                                        abs1         000000
__Lbank0                                       bank0        000000
__Lbank1                                       bank1        000000
__Lbank2                                       bank2        000000
__Lbank3                                       bank3        000000
__Lbank4                                       bank4        000000
__Lbank5                                       bank5        000000
__Lbank6                                       bank6        000000
__Lbank7                                       bank7        000000
__Lbigbss                                      bigbss       000000
__Lbigdata                                     bigdata      000000
__Lbigram                                      bigram       000000
__Lbss                                         bss          000000
__LbssBANK0                                    bssBANK0     000000
__LbssCOMRAM                                   bssCOMRAM    000000
__Lcinit                                       cinit        000000
__Lclrtext                                     clrtext      000000
__Lcomram                                      comram       000000
__Lconfig                                      config       300000
__Lconst                                       const        000000
__LcstackCOMRAM                                cstackCOMRAM 000000
__Ldata                                        data         000000
__Leeprom_data                                 eeprom_data  000000
__Lfarbss                                      farbss       000000
__Lfardata                                     fardata      000000
__Libigdata                                    ibigdata     000000
__Lidata                                       idata        000000
__Lidloc                                       idloc        200000
__Lifardata                                    ifardata     000000
__Linit                                        init         0000EE
__Lintcode                                     intcode      000008
__Lintcode_body                                intcode_body 000000
__Lintcodelo                                   intcodelo    0000EE
__Lintentry                                    intentry     000000
__Lintret                                      intret       000000
__Lintsave_regs                                intsave_regs 000000
__Lirdata                                      irdata       000000
__Lmediumconst                                 mediumconst  007E2C
__LnvFARRAM                                    nvFARRAM     000000
__Lnvbit                                       nvbit        000000
__Lnvrram                                      nvrram       000000
__Lparam                                       rparam       000000
__Lpowerup                                     powerup      0000EE
__Lram                                         ram          000000
__Lramtop                                      ramtop       000800
__Lrbit                                        rbit         000000
__Lrbss                                        rbss         000000
__Lrdata                                       rdata        000000
__Lreset_vec                                   reset_vec    000000
__Lrparam                                      rparam       000000
__Lsfr                                         sfr          000000
__Lsmallconst                                  smallconst   000000
__Lspace_0                                     (abs)        000000
__Lspace_1                                     (abs)        000000
__Lspace_2                                     (abs)        000000
__Lstack                                       stack        000000
__Lstruct                                      struct       000000
__Ltemp                                        temp         00004A
__Ltext                                        text         000000
__Ltext0                                       text0        000000
__Ltext1                                       text1        000000
__Ltext10                                      text10       000000
__Ltext11                                      text11       000000
__Ltext12                                      text12       000000
__Ltext13                                      text13       000000
__Ltext14                                      text14       000000
__Ltext15                                      text15       000000
__Ltext16                                      text16       000000
__Ltext17                                      text17       000000
__Ltext19                                      text19       000000
__Ltext2                                       text2        000000
__Ltext20                                      text20       000000
__Ltext21                                      text21       000000
__Ltext22                                      text22       000000
__Ltext23                                      text23       000000
__Ltext24                                      text24       000000
__Ltext25                                      text25       000000
__Ltext3                                       text3        000000
__Ltext4                                       text4        000000
__Ltext5                                       text5        000000
__Ltext6                                       text6        000000
__Ltext7                                       text7        000000
__Ltext8                                       text8        000000
__Ltext9                                       text9        000000
__S0                                           (abs)        30000E
__S1                                           (abs)        0000A0
__S2                                           (abs)        000000
___inthi_sp                                    stack        000000
___intlo_sp                                    stack        000000
___param_bank                                  (abs)        000000
___rparam_used                                 (abs)        000001
___sp                                          stack        000000
__accesstop                                    (abs)        000060
__activetblptr                                 (abs)        000002
__end_of_EUSART1_Initialize                    text6        0005BA
__end_of_EUSART1_Read                          text17       000628
__end_of_EUSART1_Receive_ISR                   text24       0006E0
__end_of_EUSART1_SetRxInterruptHandler         text8        0007BC
__end_of_EUSART1_SetTxInterruptHandler         text7        0007B2
__end_of_EUSART1_Transmit_ISR                  text23       000688
__end_of_EUSART1_Write                         text14       0005F4
__end_of_EUSART1_is_rx_ready                   text16       0007D6
__end_of_Flush_EUSART                          text15       0007A8
__end_of_I2C1_BusCollisionISR                  text22       0007DA
__end_of_I2C1_FunctionComplete                 text21       00076A
__end_of_I2C1_ISR                              text19       000310
__end_of_I2C1_Initialize                       text5        00065A
__end_of_I2C1_Stop                             text20       0007CE
__end_of_INTERRUPT_Initialize                  text4        0007D2
__end_of_INTERRUPT_InterruptManager            intcode      0000EE
__end_of_LED_Control                           text11       000752
__end_of_OSCILLATOR_Initialize                 text3        000796
__end_of_PIN_MANAGER_Initialize                text2        0006B4
__end_of_Power_Monitoring                      text10       00056E
__end_of_Relay_Control                         text9        0004B2
__end_of_SYSTEM_Initialize                     text1        000780
__end_of__initialization                       cinit        000722
__end_of_main                                  text0        0003E6
__end_of_printf                                text12       00070A
__end_of_putch                                 text13       0007C6
__initialization                               cinit        00070A
__mediumconst                                  mediumconst  007E2C
__pbssBANK0                                    bssBANK0     000060
__pbssCOMRAM                                   bssCOMRAM    000001
__pcinit                                       cinit        00070A
__pcstackCOMRAM                                cstackCOMRAM 00002D
__pintcode                                     intcode      000008
__pmediumconst                                 mediumconst  007E2C
__ptext0                                       text0        000310
__ptext1                                       text1        00076A
__ptext10                                      text10       0004B2
__ptext11                                      text11       000730
__ptext12                                      text12       0006E0
__ptext13                                      text13       0007BC
__ptext14                                      text14       0005BA
__ptext15                                      text15       000796
__ptext16                                      text16       0007D2
__ptext17                                      text17       0005F4
__ptext19                                      text19       0000F2
__ptext2                                       text2        000688
__ptext20                                      text20       0007C6
__ptext21                                      text21       000752
__ptext22                                      text22       0007D6
__ptext23                                      text23       00065A
__ptext24                                      text24       0006B4
__ptext25                                      text25       000000
__ptext3                                       text3        000780
__ptext4                                       text4        0007CE
__ptext5                                       text5        000628
__ptext6                                       text6        00056E
__ptext7                                       text7        0007A8
__ptext8                                       text8        0007B2
__ptext9                                       text9        0003E6
__ramtop                                       ramtop       000800
__size_of_EUSART1_Initialize                   (abs)        000000
__size_of_EUSART1_Read                         (abs)        000000
__size_of_EUSART1_Receive_ISR                  (abs)        000000
__size_of_EUSART1_SetRxInterruptHandler        (abs)        000000
__size_of_EUSART1_SetTxInterruptHandler        (abs)        000000
__size_of_EUSART1_Transmit_ISR                 (abs)        000000
__size_of_EUSART1_Write                        (abs)        000000
__size_of_EUSART1_is_rx_ready                  (abs)        000000
__size_of_Flush_EUSART                         (abs)        000000
__size_of_I2C1_BusCollisionISR                 (abs)        000000
__size_of_I2C1_FunctionComplete                (abs)        000000
__size_of_I2C1_ISR                             (abs)        000000
__size_of_I2C1_Initialize                      (abs)        000000
__size_of_I2C1_Stop                            (abs)        000000
__size_of_INTERRUPT_Initialize                 (abs)        000000
__size_of_INTERRUPT_InterruptManager           (abs)        000000
__size_of_LED_Control                          (abs)        000000
__size_of_OSCILLATOR_Initialize                (abs)        000000
__size_of_PIN_MANAGER_Initialize               (abs)        000000
__size_of_Power_Monitoring                     (abs)        000000
__size_of_Relay_Control                        (abs)        000000
__size_of_SYSTEM_Initialize                    (abs)        000000
__size_of_main                                 (abs)        000000
__size_of_printf                               (abs)        000000
__size_of_putch                                (abs)        000000
__smallconst                                   smallconst   000000
_eusart1RxBuffer                               bssBANK0     000060
_eusart1RxCount                                bssCOMRAM    000012
_eusart1RxHead                                 bssCOMRAM    000014
_eusart1RxTail                                 bssCOMRAM    000013
_eusart1TxBuffer                               bssBANK0     000080
_eusart1TxBufferRemaining                      bssCOMRAM    000015
_eusart1TxHead                                 bssCOMRAM    000017
_eusart1TxTail                                 bssCOMRAM    000016
_i2c1_object                                   bssCOMRAM    000001
_i2c1_state                                    bssCOMRAM    00001B
_i2c1_tr_queue                                 bssCOMRAM    000026
_i2c1_trb_count                                bssCOMRAM    00001A
_main                                          text0        000310
_p_i2c1_current                                bssCOMRAM    00000A
_p_i2c1_trb_current                            bssCOMRAM    00000C
_printf                                        text12       0006E0
_putch                                         text13       0007BC
btemp                                          temp         00004A
end_of_initialization                          cinit        000722
int$flags                                      temp         00004A
intlevel0                                      text         000000
intlevel1                                      text         000000
intlevel2                                      text         000000
intlevel3                                      text         000000
main@selection                                 cstackCOMRAM 000049
printf@ap                                      cstackCOMRAM 000045
printf@c                                       cstackCOMRAM 000047
printf@f                                       cstackCOMRAM 000043
putch@txData                                   cstackCOMRAM 000042
stackhi                                        (abs)        0007FF
stacklo                                        (abs)        0000A0
start                                          init         0000EE
start_initialization                           cinit        00070A
wtemp6                                         temp         00004B


FUNCTION INFORMATION:

 *************** function _main *****************
 Defined at:
		line 58 in file "main.c"
 Parameters:    Size  Location     Type
		None
 Auto vars:     Size  Location     Type
  selection       1   28[COMRAM] unsigned char 
 Return value:  Size  Location     Type
                  1    wreg      void 
 Registers used:
		wreg, fsr2l, fsr2h, status,2, status,0, tblptrl, tblptrh, tblptru, prodl, prodh, cstack
 Tracked objects:
		On entry : 
		On exit  : 
		Unchanged: 
 Data sizes:     COMRAM   BANK0   BANK1   BANK2   BANK3   BANK4   BANK5   BANK6   BANK7
      Params:         0       0       0       0       0       0       0       0       0
      Locals:         1       0       0       0       0       0       0       0       0
      Temps:          0       0       0       0       0       0       0       0       0
      Totals:         1       0       0       0       0       0       0       0       0
Total ram usage:        1 bytes
 Hardware stack levels required when called:    7
 This function calls:
		_EUSART1_Read
		_EUSART1_Write
		_LED_Control
		_Power_Monitoring
		_Relay_Control
		_SYSTEM_Initialize
		_printf
 This function is called by:
		Startup code after reset
 This function uses a non-reentrant model


 *************** function _SYSTEM_Initialize *****************
 Defined at:
		line 50 in file "mcc_generated_files/mcc.c"
 Parameters:    Size  Location     Type
		None
 Auto vars:     Size  Location     Type
		None
 Return value:  Size  Location     Type
                  1    wreg      void 
 Registers used:
		wreg, status,2, status,0, cstack
 Tracked objects:
		On entry : 
		On exit  : 
		Unchanged: 
 Data sizes:     COMRAM   BANK0   BANK1   BANK2   BANK3   BANK4   BANK5   BANK6   BANK7
      Params:         0       0       0       0       0       0       0       0       0
      Locals:         0       0       0       0       0       0       0       0       0
      Temps:          0       0       0       0       0       0       0       0       0
      Totals:         0       0       0       0       0       0       0       0       0
Total ram usage:        0 bytes
 Hardware stack levels used:    1
 Hardware stack levels required when called:    5
 This function calls:
		_EUSART1_Initialize
		_I2C1_Initialize
		_INTERRUPT_Initialize
		_OSCILLATOR_Initialize
		_PIN_MANAGER_Initialize
 This function is called by:
		_main
 This function uses a non-reentrant model


 *************** function _PIN_MANAGER_Initialize *****************
 Defined at:
		line 57 in file "mcc_generated_files/pin_manager.c"
 Parameters:    Size  Location     Type
		None
 Auto vars:     Size  Location     Type
		None
 Return value:  Size  Location     Type
                  1    wreg      void 
 Registers used:
		wreg, status,2
 Tracked objects:
		On entry : 
		On exit  : 
		Unchanged: 
 Data sizes:     COMRAM   BANK0   BANK1   BANK2   BANK3   BANK4   BANK5   BANK6   BANK7
      Params:         0       0       0       0       0       0       0       0       0
      Locals:         0       0       0       0       0       0       0       0       0
      Temps:          0       0       0       0       0       0       0       0       0
      Totals:         0       0       0       0       0       0       0       0       0
Total ram usage:        0 bytes
 Hardware stack levels used:    1
 Hardware stack levels required when called:    3
 This function calls:
		Nothing
 This function is called by:
		_SYSTEM_Initialize
 This function uses a non-reentrant model


 *************** function _OSCILLATOR_Initialize *****************
 Defined at:
		line 60 in file "mcc_generated_files/mcc.c"
 Parameters:    Size  Location     Type
		None
 Auto vars:     Size  Location     Type
		None
 Return value:  Size  Location     Type
                  1    wreg      void 
 Registers used:
		wreg, status,2
 Tracked objects:
		On entry : 
		On exit  : 
		Unchanged: 
 Data sizes:     COMRAM   BANK0   BANK1   BANK2   BANK3   BANK4   BANK5   BANK6   BANK7
      Params:         0       0       0       0       0       0       0       0       0
      Locals:         0       0       0       0       0       0       0       0       0
      Temps:          0       0       0       0       0       0       0       0       0
      Totals:         0       0       0       0       0       0       0       0       0
Total ram usage:        0 bytes
 Hardware stack levels used:    1
 Hardware stack levels required when called:    3
 This function calls:
		Nothing
 This function is called by:
		_SYSTEM_Initialize
 This function uses a non-reentrant model


 *************** function _INTERRUPT_Initialize *****************
 Defined at:
		line 52 in file "mcc_generated_files/interrupt_manager.c"
 Parameters:    Size  Location     Type
		None
 Auto vars:     Size  Location     Type
		None
 Return value:  Size  Location     Type
                  1    wreg      void 
 Registers used:
		None
 Tracked objects:
		On entry : 
		On exit  : 
		Unchanged: 
 Data sizes:     COMRAM   BANK0   BANK1   BANK2   BANK3   BANK4   BANK5   BANK6   BANK7
      Params:         0       0       0       0       0       0       0       0       0
      Locals:         0       0       0       0       0       0       0       0       0
      Temps:          0       0       0       0       0       0       0       0       0
      Totals:         0       0       0       0       0       0       0       0       0
Total ram usage:        0 bytes
 Hardware stack levels used:    1
 Hardware stack levels required when called:    3
 This function calls:
		Nothing
 This function is called by:
		_SYSTEM_Initialize
 This function uses a non-reentrant model


 *************** function _I2C1_Initialize *****************
 Defined at:
		line 198 in file "mcc_generated_files/i2c1.c"
 Parameters:    Size  Location     Type
		None
 Auto vars:     Size  Location     Type
		None
 Return value:  Size  Location     Type
                  1    wreg      void 
 Registers used:
		wreg, status,2, status,0
 Tracked objects:
		On entry : 
		On exit  : 
		Unchanged: 
 Data sizes:     COMRAM   BANK0   BANK1   BANK2   BANK3   BANK4   BANK5   BANK6   BANK7
      Params:         0       0       0       0       0       0       0       0       0
      Locals:         0       0       0       0       0       0       0       0       0
      Temps:          0       0       0       0       0       0       0       0       0
      Totals:         0       0       0       0       0       0       0       0       0
Total ram usage:        0 bytes
 Hardware stack levels used:    1
 Hardware stack levels required when called:    3
 This function calls:
		Nothing
 This function is called by:
		_SYSTEM_Initialize
 This function uses a non-reentrant model


 *************** function _EUSART1_Initialize *****************
 Defined at:
		line 75 in file "mcc_generated_files/eusart1.c"
 Parameters:    Size  Location     Type
		None
 Auto vars:     Size  Location     Type
		None
 Return value:  Size  Location     Type
                  1    wreg      void 
 Registers used:
		wreg, status,2, status,0, cstack
 Tracked objects:
		On entry : 
		On exit  : 
		Unchanged: 
 Data sizes:     COMRAM   BANK0   BANK1   BANK2   BANK3   BANK4   BANK5   BANK6   BANK7
      Params:         0       0       0       0       0       0       0       0       0
      Locals:         0       0       0       0       0       0       0       0       0
      Temps:          0       0       0       0       0       0       0       0       0
      Totals:         0       0       0       0       0       0       0       0       0
Total ram usage:        0 bytes
 Hardware stack levels used:    1
 Hardware stack levels required when called:    4
 This function calls:
		_EUSART1_SetRxInterruptHandler
		_EUSART1_SetTxInterruptHandler
 This function is called by:
		_SYSTEM_Initialize
 This function uses a non-reentrant model


 *************** function _EUSART1_SetTxInterruptHandler *****************
 Defined at:
		line 220 in file "mcc_generated_files/eusart1.c"
 Parameters:    Size  Location     Type
  interruptHan    2   20[COMRAM] PTR FTN()void 
		 -> EUSART1_Transmit_ISR(1), 
 Auto vars:     Size  Location     Type
		None
 Return value:  Size  Location     Type
                  1    wreg      void 
 Registers used:
		wreg, status,2, status,0
 Tracked objects:
		On entry : 
		On exit  : 
		Unchanged: 
 Data sizes:     COMRAM   BANK0   BANK1   BANK2   BANK3   BANK4   BANK5   BANK6   BANK7
      Params:         2       0       0       0       0       0       0       0       0
      Locals:         0       0       0       0       0       0       0       0       0
      Temps:          0       0       0       0       0       0       0       0       0
      Totals:         2       0       0       0       0       0       0       0       0
Total ram usage:        2 bytes
 Hardware stack levels used:    1
 Hardware stack levels required when called:    3
 This function calls:
		Nothing
 This function is called by:
		_EUSART1_Initialize
 This function uses a non-reentrant model


 *************** function _EUSART1_SetRxInterruptHandler *****************
 Defined at:
		line 224 in file "mcc_generated_files/eusart1.c"
 Parameters:    Size  Location     Type
  interruptHan    2   20[COMRAM] PTR FTN()void 
		 -> EUSART1_Receive_ISR(1), 
 Auto vars:     Size  Location     Type
		None
 Return value:  Size  Location     Type
                  1    wreg      void 
 Registers used:
		wreg, status,2, status,0
 Tracked objects:
		On entry : 
		On exit  : 
		Unchanged: 
 Data sizes:     COMRAM   BANK0   BANK1   BANK2   BANK3   BANK4   BANK5   BANK6   BANK7
      Params:         2       0       0       0       0       0       0       0       0
      Locals:         0       0       0       0       0       0       0       0       0
      Temps:          0       0       0       0       0       0       0       0       0
      Totals:         2       0       0       0       0       0       0       0       0
Total ram usage:        2 bytes
 Hardware stack levels used:    1
 Hardware stack levels required when called:    3
 This function calls:
		Nothing
 This function is called by:
		_EUSART1_Initialize
 This function uses a non-reentrant model


 *************** function _Relay_Control *****************
 Defined at:
		line 159 in file "main.c"
 Parameters:    Size  Location     Type
		None
 Auto vars:     Size  Location     Type
  relay_select    1   27[COMRAM] unsigned char 
 Return value:  Size  Location     Type
                  1    wreg      void 
 Registers used:
		wreg, fsr2l, fsr2h, status,2, status,0, tblptrl, tblptrh, tblptru, prodl, prodh, cstack
 Tracked objects:
		On entry : 
		On exit  : 
		Unchanged: 
 Data sizes:     COMRAM   BANK0   BANK1   BANK2   BANK3   BANK4   BANK5   BANK6   BANK7
      Params:         0       0       0       0       0       0       0       0       0
      Locals:         1       0       0       0       0       0       0       0       0
      Temps:          0       0       0       0       0       0       0       0       0
      Totals:         1       0       0       0       0       0       0       0       0
Total ram usage:        1 bytes
 Hardware stack levels used:    1
 Hardware stack levels required when called:    6
 This function calls:
		_EUSART1_Read
		_Flush_EUSART
		_printf
 This function is called by:
		_main
 This function uses a non-reentrant model


 *************** function _Power_Monitoring *****************
 Defined at:
		line 216 in file "main.c"
 Parameters:    Size  Location     Type
  addr            1    wreg     unsigned char 
 Auto vars:     Size  Location     Type
  addr            1    0[COMRAM] unsigned char 
  power_select    1   27[COMRAM] unsigned char 
 Return value:  Size  Location     Type
                  1    wreg      void 
 Registers used:
		wreg, fsr2l, fsr2h, status,2, status,0, tblptrl, tblptrh, tblptru, prodl, prodh, cstack
 Tracked objects:
		On entry : 
		On exit  : 
		Unchanged: 
 Data sizes:     COMRAM   BANK0   BANK1   BANK2   BANK3   BANK4   BANK5   BANK6   BANK7
      Params:         0       0       0       0       0       0       0       0       0
      Locals:         1       0       0       0       0       0       0       0       0
      Temps:          0       0       0       0       0       0       0       0       0
      Totals:         1       0       0       0       0       0       0       0       0
Total ram usage:        1 bytes
 Hardware stack levels used:    1
 Hardware stack levels required when called:    6
 This function calls:
		_EUSART1_Read
		_Flush_EUSART
		_printf
 This function is called by:
		_main
 This function uses a non-reentrant model


 *************** function _LED_Control *****************
 Defined at:
		line 149 in file "main.c"
 Parameters:    Size  Location     Type
		None
 Auto vars:     Size  Location     Type
		None
 Return value:  Size  Location     Type
                  1    wreg      void 
 Registers used:
		wreg, fsr2l, fsr2h, status,2, status,0, tblptrl, tblptrh, tblptru, prodl, prodh, cstack
 Tracked objects:
		On entry : 
		On exit  : 
		Unchanged: 
 Data sizes:     COMRAM   BANK0   BANK1   BANK2   BANK3   BANK4   BANK5   BANK6   BANK7
      Params:         0       0       0       0       0       0       0       0       0
      Locals:         0       0       0       0       0       0       0       0       0
      Temps:          0       0       0       0       0       0       0       0       0
      Totals:         0       0       0       0       0       0       0       0       0
Total ram usage:        0 bytes
 Hardware stack levels used:    1
 Hardware stack levels required when called:    6
 This function calls:
		_EUSART1_Read
		_Flush_EUSART
		_printf
 This function is called by:
		_main
 This function uses a non-reentrant model


 *************** function _printf *****************
 Defined at:
		line 464 in file "C:\Program Files (x86)\Microchip\xc8\v1.45\sources\common\doprnt.c"
 Parameters:    Size  Location     Type
  f               2   22[COMRAM] PTR const unsigned char 
		 -> STR_28(23), STR_27(29), STR_26(14), STR_25(25), 
		 -> STR_24(22), STR_23(23), STR_22(26), STR_21(27), 
		 -> STR_20(29), STR_19(23), STR_18(29), STR_17(14), 
		 -> STR_16(25), STR_15(22), STR_14(23), STR_13(26), 
		 -> STR_12(27), STR_11(29), STR_10(24), STR_9(64), 
		 -> STR_8(23), STR_7(26), STR_6(13), STR_5(21), 
		 -> STR_4(19), STR_3(18), STR_2(16), STR_1(46), 
 Auto vars:     Size  Location     Type
  tmpval          4    0        struct .
  cp              3    0        PTR const unsigned char 
  ap              2   24[COMRAM] PTR void [1]
		 -> ?_printf(2), 
  len             2    0        unsigned int 
  val             2    0        unsigned int 
  c               1   26[COMRAM] char 
  flag            1    0        unsigned char 
  prec            1    0        char 
 Return value:  Size  Location     Type
                  2   22[COMRAM] int 
 Registers used:
		wreg, fsr2l, fsr2h, status,2, status,0, tblptrl, tblptrh, tblptru, prodl, prodh, cstack
 Tracked objects:
		On entry : 
		On exit  : 
		Unchanged: 
 Data sizes:     COMRAM   BANK0   BANK1   BANK2   BANK3   BANK4   BANK5   BANK6   BANK7
      Params:         2       0       0       0       0       0       0       0       0
      Locals:         3       0       0       0       0       0       0       0       0
      Temps:          0       0       0       0       0       0       0       0       0
      Totals:         5       0       0       0       0       0       0       0       0
Total ram usage:        5 bytes
 Hardware stack levels used:    1
 Hardware stack levels required when called:    5
 This function calls:
		_putch
 This function is called by:
		_main
		_LED_Control
		_Relay_Control
		_Power_Monitoring
 This function uses a non-reentrant model


 *************** function _putch *****************
 Defined at:
		line 176 in file "mcc_generated_files/eusart1.c"
 Parameters:    Size  Location     Type
  txData          1    wreg     unsigned char 
 Auto vars:     Size  Location     Type
  txData          1   21[COMRAM] unsigned char 
 Return value:  Size  Location     Type
                  1    wreg      void 
 Registers used:
		wreg, fsr2l, fsr2h, status,2, status,0, prodl, prodh, cstack
 Tracked objects:
		On entry : 
		On exit  : 
		Unchanged: 
 Data sizes:     COMRAM   BANK0   BANK1   BANK2   BANK3   BANK4   BANK5   BANK6   BANK7
      Params:         0       0       0       0       0       0       0       0       0
      Locals:         1       0       0       0       0       0       0       0       0
      Temps:          0       0       0       0       0       0       0       0       0
      Totals:         1       0       0       0       0       0       0       0       0
Total ram usage:        1 bytes
 Hardware stack levels used:    1
 Hardware stack levels required when called:    4
 This function calls:
		_EUSART1_Write
 This function is called by:
		_printf
 This function uses a non-reentrant model


 *************** function _EUSART1_Write *****************
 Defined at:
		line 148 in file "mcc_generated_files/eusart1.c"
 Parameters:    Size  Location     Type
  txData          1    wreg     unsigned char 
 Auto vars:     Size  Location     Type
  txData          1   20[COMRAM] unsigned char 
 Return value:  Size  Location     Type
                  1    wreg      void 
 Registers used:
		wreg, fsr2l, fsr2h, status,2, status,0, prodl, prodh
 Tracked objects:
		On entry : 
		On exit  : 
		Unchanged: 
 Data sizes:     COMRAM   BANK0   BANK1   BANK2   BANK3   BANK4   BANK5   BANK6   BANK7
      Params:         0       0       0       0       0       0       0       0       0
      Locals:         1       0       0       0       0       0       0       0       0
      Temps:          0       0       0       0       0       0       0       0       0
      Totals:         1       0       0       0       0       0       0       0       0
Total ram usage:        1 bytes
 Hardware stack levels used:    1
 Hardware stack levels required when called:    3
 This function calls:
		Nothing
 This function is called by:
		_main
		_putch
 This function uses a non-reentrant model


 *************** function _Flush_EUSART *****************
 Defined at:
		line 140 in file "main.c"
 Parameters:    Size  Location     Type
		None
 Auto vars:     Size  Location     Type
		None
 Return value:  Size  Location     Type
                  1    wreg      void 
 Registers used:
		wreg, fsr2l, fsr2h, status,2, status,0, prodl, prodh, cstack
 Tracked objects:
		On entry : 
		On exit  : 
		Unchanged: 
 Data sizes:     COMRAM   BANK0   BANK1   BANK2   BANK3   BANK4   BANK5   BANK6   BANK7
      Params:         0       0       0       0       0       0       0       0       0
      Locals:         0       0       0       0       0       0       0       0       0
      Temps:          0       0       0       0       0       0       0       0       0
      Totals:         0       0       0       0       0       0       0       0       0
Total ram usage:        0 bytes
 Hardware stack levels used:    1
 Hardware stack levels required when called:    4
 This function calls:
		_EUSART1_Read
		_EUSART1_is_rx_ready
 This function is called by:
		_LED_Control
		_Relay_Control
		_Power_Monitoring
 This function uses a non-reentrant model


 *************** function _EUSART1_is_rx_ready *****************
 Defined at:
		line 118 in file "mcc_generated_files/eusart1.c"
 Parameters:    Size  Location     Type
		None
 Auto vars:     Size  Location     Type
		None
 Return value:  Size  Location     Type
                  1    wreg      unsigned char 
 Registers used:
		wreg, status,2
 Tracked objects:
		On entry : 
		On exit  : 
		Unchanged: 
 Data sizes:     COMRAM   BANK0   BANK1   BANK2   BANK3   BANK4   BANK5   BANK6   BANK7
      Params:         0       0       0       0       0       0       0       0       0
      Locals:         0       0       0       0       0       0       0       0       0
      Temps:          0       0       0       0       0       0       0       0       0
      Totals:         0       0       0       0       0       0       0       0       0
Total ram usage:        0 bytes
 Hardware stack levels used:    1
 Hardware stack levels required when called:    3
 This function calls:
		Nothing
 This function is called by:
		_Flush_EUSART
 This function uses a non-reentrant model


 *************** function _EUSART1_Read *****************
 Defined at:
		line 128 in file "mcc_generated_files/eusart1.c"
 Parameters:    Size  Location     Type
		None
 Auto vars:     Size  Location     Type
  readValue       1   20[COMRAM] unsigned char 
 Return value:  Size  Location     Type
                  1    wreg      unsigned char 
 Registers used:
		wreg, fsr2l, fsr2h, status,2, status,0, prodl, prodh
 Tracked objects:
		On entry : 
		On exit  : 
		Unchanged: 
 Data sizes:     COMRAM   BANK0   BANK1   BANK2   BANK3   BANK4   BANK5   BANK6   BANK7
      Params:         0       0       0       0       0       0       0       0       0
      Locals:         1       0       0       0       0       0       0       0       0
      Temps:          0       0       0       0       0       0       0       0       0
      Totals:         1       0       0       0       0       0       0       0       0
Total ram usage:        1 bytes
 Hardware stack levels used:    1
 Hardware stack levels required when called:    3
 This function calls:
		Nothing
 This function is called by:
		_main
		_Flush_EUSART
		_LED_Control
		_Relay_Control
		_Power_Monitoring
		_getch
 This function uses a non-reentrant model


 *************** function _INTERRUPT_InterruptManager *****************
 Defined at:
		line 58 in file "mcc_generated_files/interrupt_manager.c"
 Parameters:    Size  Location     Type
		None
 Auto vars:     Size  Location     Type
		None
 Return value:  Size  Location     Type
                  1    wreg      void 
 Registers used:
		wreg, fsr2l, fsr2h, status,2, status,0, pclath, tosl, prodl, prodh, cstack
 Tracked objects:
		On entry : 
		On exit  : 
		Unchanged: 
 Data sizes:     COMRAM   BANK0   BANK1   BANK2   BANK3   BANK4   BANK5   BANK6   BANK7
      Params:         0       0       0       0       0       0       0       0       0
      Locals:         0       0       0       0       0       0       0       0       0
      Temps:         18       0       0       0       0       0       0       0       0
      Totals:        18       0       0       0       0       0       0       0       0
Total ram usage:       18 bytes
 Hardware stack levels used:    1
 Hardware stack levels required when called:    2
 This function calls:
		Absolute function
		_EUSART1_Receive_ISR
		_EUSART1_Transmit_ISR
		_I2C1_BusCollisionISR
		_I2C1_ISR
 This function is called by:
		Interrupt level 2
 This function uses a non-reentrant model


 *************** function _I2C1_ISR *****************
 Defined at:
		line 235 in file "mcc_generated_files/i2c1.c"
 Parameters:    Size  Location     Type
		None
 Auto vars:     Size  Location     Type
		None
 Return value:  Size  Location     Type
                  1    wreg      void 
 Registers used:
		wreg, fsr2l, fsr2h, status,2, status,0, cstack
 Tracked objects:
		On entry : 
		On exit  : 
		Unchanged: 
 Data sizes:     COMRAM   BANK0   BANK1   BANK2   BANK3   BANK4   BANK5   BANK6   BANK7
      Params:         0       0       0       0       0       0       0       0       0
      Locals:         0       0       0       0       0       0       0       0       0
      Temps:          2       0       0       0       0       0       0       0       0
      Totals:         2       0       0       0       0       0       0       0       0
Total ram usage:        2 bytes
 Hardware stack levels used:    1
 Hardware stack levels required when called:    1
 This function calls:
		_I2C1_FunctionComplete
		_I2C1_Stop
 This function is called by:
		_INTERRUPT_InterruptManager
 This function uses a non-reentrant model


 *************** function _I2C1_Stop *****************
 Defined at:
		line 583 in file "mcc_generated_files/i2c1.c"
 Parameters:    Size  Location     Type
  completion_c    1    wreg     enum E5439
 Auto vars:     Size  Location     Type
  completion_c    1    0[COMRAM] enum E5439
 Return value:  Size  Location     Type
                  1    wreg      void 
 Registers used:
		wreg, fsr2l, fsr2h, status,2, status,0
 Tracked objects:
		On entry : 
		On exit  : 
		Unchanged: 
 Data sizes:     COMRAM   BANK0   BANK1   BANK2   BANK3   BANK4   BANK5   BANK6   BANK7
      Params:         0       0       0       0       0       0       0       0       0
      Locals:         0       0       0       0       0       0       0       0       0
      Temps:          0       0       0       0       0       0       0       0       0
      Totals:         0       0       0       0       0       0       0       0       0
Total ram usage:        0 bytes
 Hardware stack levels used:    1
 This function calls:
		Nothing
 This function is called by:
		_I2C1_ISR
 This function uses a non-reentrant model


 *************** function _I2C1_FunctionComplete *****************
 Defined at:
		line 565 in file "mcc_generated_files/i2c1.c"
 Parameters:    Size  Location     Type
		None
 Auto vars:     Size  Location     Type
		None
 Return value:  Size  Location     Type
                  1    wreg      void 
 Registers used:
		wreg, status,2, status,0
 Tracked objects:
		On entry : 
		On exit  : 
		Unchanged: 
 Data sizes:     COMRAM   BANK0   BANK1   BANK2   BANK3   BANK4   BANK5   BANK6   BANK7
      Params:         0       0       0       0       0       0       0       0       0
      Locals:         0       0       0       0       0       0       0       0       0
      Temps:          0       0       0       0       0       0       0       0       0
      Totals:         0       0       0       0       0       0       0       0       0
Total ram usage:        0 bytes
 Hardware stack levels used:    1
 This function calls:
		Nothing
 This function is called by:
		_I2C1_ISR
 This function uses a non-reentrant model


 *************** function _I2C1_BusCollisionISR *****************
 Defined at:
		line 742 in file "mcc_generated_files/i2c1.c"
 Parameters:    Size  Location     Type
		None
 Auto vars:     Size  Location     Type
		None
 Return value:  Size  Location     Type
                  1    wreg      void 
 Registers used:
		None
 Tracked objects:
		On entry : 
		On exit  : 
		Unchanged: 
 Data sizes:     COMRAM   BANK0   BANK1   BANK2   BANK3   BANK4   BANK5   BANK6   BANK7
      Params:         0       0       0       0       0       0       0       0       0
      Locals:         0       0       0       0       0       0       0       0       0
      Temps:          0       0       0       0       0       0       0       0       0
      Totals:         0       0       0       0       0       0       0       0       0
Total ram usage:        0 bytes
 Hardware stack levels used:    1
 This function calls:
		Nothing
 This function is called by:
		_INTERRUPT_InterruptManager
 This function uses a non-reentrant model


 *************** function _EUSART1_Transmit_ISR *****************
 Defined at:
		line 181 in file "mcc_generated_files/eusart1.c"
 Parameters:    Size  Location     Type
		None
 Auto vars:     Size  Location     Type
		None
 Return value:  Size  Location     Type
                  1    wreg      void 
 Registers used:
		wreg, fsr2l, fsr2h, status,2, status,0, prodl, prodh
 Tracked objects:
		On entry : 
		On exit  : 
		Unchanged: 
 Data sizes:     COMRAM   BANK0   BANK1   BANK2   BANK3   BANK4   BANK5   BANK6   BANK7
      Params:         0       0       0       0       0       0       0       0       0
      Locals:         0       0       0       0       0       0       0       0       0
      Temps:          0       0       0       0       0       0       0       0       0
      Totals:         0       0       0       0       0       0       0       0       0
Total ram usage:        0 bytes
 Hardware stack levels used:    1
 This function calls:
		Nothing
 This function is called by:
		_EUSART1_Initialize
		_INTERRUPT_InterruptManager
 This function uses a non-reentrant model


 *************** function _EUSART1_Receive_ISR *****************
 Defined at:
		line 200 in file "mcc_generated_files/eusart1.c"
 Parameters:    Size  Location     Type
		None
 Auto vars:     Size  Location     Type
		None
 Return value:  Size  Location     Type
                  1    wreg      void 
 Registers used:
		wreg, fsr2l, fsr2h, status,2, status,0, prodl, prodh
 Tracked objects:
		On entry : 
		On exit  : 
		Unchanged: 
 Data sizes:     COMRAM   BANK0   BANK1   BANK2   BANK3   BANK4   BANK5   BANK6   BANK7
      Params:         0       0       0       0       0       0       0       0       0
      Locals:         0       0       0       0       0       0       0       0       0
      Temps:          0       0       0       0       0       0       0       0       0
      Totals:         0       0       0       0       0       0       0       0       0
Total ram usage:        0 bytes
 Hardware stack levels used:    1
 This function calls:
		Nothing
 This function is called by:
		_EUSART1_Initialize
		_INTERRUPT_InterruptManager
 This function uses a non-reentrant model



MODULE INFORMATION

Module		Function		Class		Link	Load	Size
C:\Program Files (x86)\Microchip\xc8\v1.45\sources\common\doprnt.c
		_printf        		CODE           	06E0	0000	43

C:\Program Files (x86)\Microchip\xc8\v1.45\sources\common\doprnt.c estimated size: 43

mcc_generated_files/interrupt_manager.c
		_INTERRUPT_Initialize		CODE           	07CE	0000	5
		_INTERRUPT_InterruptManager		CODE           	0008	0000	231

mcc_generated_files/interrupt_manager.c estimated size: 236

mcc_generated_files/i2c1.c
		_I2C1_BusCollisionISR		CODE           	07D6	0000	5
		_I2C1_FunctionComplete		CODE           	0752	0000	25
		_I2C1_ISR      		CODE           	00F2	0000	543
		_I2C1_Initialize		CODE           	0628	0000	51
		_I2C1_Stop     		CODE           	07C6	0000	9

mcc_generated_files/i2c1.c estimated size: 633

mcc_generated_files/pin_manager.c
		_PIN_MANAGER_Initialize		CODE           	0688	0000	45

mcc_generated_files/pin_manager.c estimated size: 45

shared
		__initialization		CODE           	070A	0000	25

shared estimated size: 25

mcc_generated_files/eusart1.c
		_EUSART1_SetRxInterruptHandler		CODE           	07B2	0000	11
		_EUSART1_SetTxInterruptHandler		CODE           	07A8	0000	11
		_EUSART1_is_rx_ready		CODE           	07D2	0000	5
		_EUSART1_Initialize		CODE           	056E	0000	77
		_putch         		CODE           	07BC	0000	11
		_EUSART1_Read  		CODE           	05F4	0000	53
		_EUSART1_Write 		CODE           	05BA	0000	59
		_EUSART1_Receive_ISR		CODE           	06B4	0000	45
		_EUSART1_Transmit_ISR		CODE           	065A	0000	47

mcc_generated_files/eusart1.c estimated size: 319

mcc_generated_files/mcc.c
		_OSCILLATOR_Initialize		CODE           	0780	0000	23
		_SYSTEM_Initialize		CODE           	076A	0000	23

mcc_generated_files/mcc.c estimated size: 46

main.c
		_Flush_EUSART  		CODE           	0796	0000	19
		_main          		CODE           	0310	0000	215
		_Power_Monitoring		CODE           	04B2	0000	189
		_Relay_Control 		CODE           	03E6	0000	205
		_LED_Control   		CODE           	0730	0000	35

main.c estimated size: 663

